2024-12-16 20:38:57 - Error creating agreement: Got Http response code 401 when accessing https://api.sandbox.paypal.com/v1/oauth2/token.
